[2026-09-24 10:47:42] local.ERROR: Class "Tymon\JWTAuth\Http\Middleware\BaseMiddleware" not found {"exception":"[object] (Error(code: 0): Class \"Tymon\\JWTAuth\\Http\\Middleware\\BaseMiddleware\" not found at D:\\Beas\\RDC\\ramkrishna_dharma_chakra\\ramkrishna_dharma_chakra\\app\\Http\\Middleware\\JWTMiddleware.php:10)
[stacktrace]
#0 D:\\Beas\\RDC\\ramkrishna_dharma_chakra\\ramkrishna_dharma_chakra\\vendor\\composer\\ClassLoader.php(576): include()
#1 D:\\Beas\\RDC\\ramkrishna_dharma_chakra\\ramkrishna_dharma_chakra\\vendor\\composer\\ClassLoader.php(427): Composer\\Autoload\\{closure}('D:\\\\Beas\\\\RDC\\\\ram...')
#2 [internal function]: Composer\\Autoload\\ClassLoader->loadClass('App\\\\Http\\\\Middle...')
#3 D:\\Beas\\RDC\\ramkrishna_dharma_chakra\\ramkrishna_dharma_chakra\\vendor\\laravel\\framework\\src\\Illuminate\\Routing\\SortedMiddleware.php(97): class_implements('App\\\\Http\\\\Middle...')
#4 D:\\Beas\\RDC\\ramkrishna_dharma_chakra\\ramkrishna_dharma_chakra\\vendor\\laravel\\framework\\src\\Illuminate\\Routing\\SortedMiddleware.php(76): Illuminate\\Routing\\SortedMiddleware->middlewareNames('App\\\\Http\\\\Middle...')
#5 D:\\Beas\\RDC\\ramkrishna_dharma_chakra\\ramkrishna_dharma_chakra\\vendor\\laravel\\framework\\src\\Illuminate\\Routing\\SortedMiddleware.php(43): Illuminate\\Routing\\SortedMiddleware->priorityMapIndex(Array, 'App\\\\Http\\\\Middle...')
#6 D:\\Beas\\RDC\\ramkrishna_dharma_chakra\\ramkrishna_dharma_chakra\\vendor\\laravel\\framework\\src\\Illuminate\\Routing\\SortedMiddleware.php(22): Illuminate\\Routing\\SortedMiddleware->sortMiddleware(Array, Array)
#7 D:\\Beas\\RDC\\ramkrishna_dharma_chakra\\ramkrishna_dharma_chakra\\vendor\\laravel\\framework\\src\\Illuminate\\Routing\\Router.php(777): Illuminate\\Routing\\SortedMiddleware->__construct(Array, Array)
#8 D:\\Beas\\RDC\\ramkrishna_dharma_chakra\\ramkrishna_dharma_chakra\\vendor\\laravel\\framework\\src\\Illuminate\\Routing\\Router.php(766): Illuminate\\Routing\\Router->sortMiddleware(Object(Illuminate\\Support\\Collection))
#9 D:\\Beas\\RDC\\ramkrishna_dharma_chakra\\ramkrishna_dharma_chakra\\vendor\\laravel\\framework\\src\\Illuminate\\Foundation\\Console\\RouteListCommand.php(175): Illuminate\\Routing\\Router->gatherRouteMiddleware(Object(Illuminate\\Routing\\Route))
#10 D:\\Beas\\RDC\\ramkrishna_dharma_chakra\\ramkrishna_dharma_chakra\\vendor\\laravel\\framework\\src\\Illuminate\\Foundation\\Console\\RouteListCommand.php(119): Illuminate\\Foundation\\Console\\RouteListCommand->getMiddleware(Object(Illuminate\\Routing\\Route))
#11 D:\\Beas\\RDC\\ramkrishna_dharma_chakra\\ramkrishna_dharma_chakra\\vendor\\laravel\\framework\\src\\Illuminate\\Foundation\\Console\\RouteListCommand.php(91): Illuminate\\Foundation\\Console\\RouteListCommand->getRouteInformation(Object(Illuminate\\Routing\\Route))
#12 [internal function]: Illuminate\\Foundation\\Console\\RouteListCommand->Illuminate\\Foundation\\Console\\{closure}(Object(Illuminate\\Routing\\Route), 3)
#13 D:\\Beas\\RDC\\ramkrishna_dharma_chakra\\ramkrishna_dharma_chakra\\vendor\\laravel\\framework\\src\\Illuminate\\Collections\\Collection.php(695): array_map(Object(Closure), Array, Array)
#14 D:\\Beas\\RDC\\ramkrishna_dharma_chakra\\ramkrishna_dharma_chakra\\vendor\\laravel\\framework\\src\\Illuminate\\Foundation\\Console\\RouteListCommand.php(90): Illuminate\\Support\\Collection->map(Object(Closure))
#15 D:\\Beas\\RDC\\ramkrishna_dharma_chakra\\ramkrishna_dharma_chakra\\vendor\\laravel\\framework\\src\\Illuminate\\Foundation\\Console\\RouteListCommand.php(76): Illuminate\\Foundation\\Console\\RouteListCommand->getRoutes()
#16 D:\\Beas\\RDC\\ramkrishna_dharma_chakra\\ramkrishna_dharma_chakra\\vendor\\laravel\\framework\\src\\Illuminate\\Container\\BoundMethod.php(36): Illuminate\\Foundation\\Console\\RouteListCommand->handle()
#17 D:\\Beas\\RDC\\ramkrishna_dharma_chakra\\ramkrishna_dharma_chakra\\vendor\\laravel\\framework\\src\\Illuminate\\Container\\Util.php(40): Illuminate\\Container\\BoundMethod::Illuminate\\Container\\{closure}()
#18 D:\\Beas\\RDC\\ramkrishna_dharma_chakra\\ramkrishna_dharma_chakra\\vendor\\laravel\\framework\\src\\Illuminate\\Container\\BoundMethod.php(93): Illuminate\\Container\\Util::unwrapIfClosure(Object(Closure))
#19 D:\\Beas\\RDC\\ramkrishna_dharma_chakra\\ramkrishna_dharma_chakra\\vendor\\laravel\\framework\\src\\Illuminate\\Container\\BoundMethod.php(35): Illuminate\\Container\\BoundMethod::callBoundMethod(Object(Illuminate\\Foundation\\Application), Array, Object(Closure))
#20 D:\\Beas\\RDC\\ramkrishna_dharma_chakra\\ramkrishna_dharma_chakra\\vendor\\laravel\\framework\\src\\Illuminate\\Container\\Container.php(653): Illuminate\\Container\\BoundMethod::call(Object(Illuminate\\Foundation\\Application), Array, Array, NULL)
#21 D:\\Beas\\RDC\\ramkrishna_dharma_chakra\\ramkrishna_dharma_chakra\\vendor\\laravel\\framework\\src\\Illuminate\\Console\\Command.php(136): Illuminate\\Container\\Container->call(Array)
#22 D:\\Beas\\RDC\\ramkrishna_dharma_chakra\\ramkrishna_dharma_chakra\\vendor\\symfony\\console\\Command\\Command.php(298): Illuminate\\Console\\Command->execute(Object(Symfony\\Component\\Console\\Input\\ArgvInput), Object(Illuminate\\Console\\OutputStyle))
#23 D:\\Beas\\RDC\\ramkrishna_dharma_chakra\\ramkrishna_dharma_chakra\\vendor\\laravel\\framework\\src\\Illuminate\\Console\\Command.php(120): Symfony\\Component\\Console\\Command\\Command->run(Object(Symfony\\Component\\Console\\Input\\ArgvInput), Object(Illuminate\\Console\\OutputStyle))
#24 D:\\Beas\\RDC\\ramkrishna_dharma_chakra\\ramkrishna_dharma_chakra\\vendor\\symfony\\console\\Application.php(1040): Illuminate\\Console\\Command->run(Object(Symfony\\Component\\Console\\Input\\ArgvInput), Object(Symfony\\Component\\Console\\Output\\ConsoleOutput))
#25 D:\\Beas\\RDC\\ramkrishna_dharma_chakra\\ramkrishna_dharma_chakra\\vendor\\symfony\\console\\Application.php(301): Symfony\\Component\\Console\\Application->doRunCommand(Object(Illuminate\\Foundation\\Console\\RouteListCommand), Object(Symfony\\Component\\Console\\Input\\ArgvInput), Object(Symfony\\Component\\Console\\Output\\ConsoleOutput))
#26 D:\\Beas\\RDC\\ramkrishna_dharma_chakra\\ramkrishna_dharma_chakra\\vendor\\symfony\\console\\Application.php(171): Symfony\\Component\\Console\\Application->doRun(Object(Symfony\\Component\\Console\\Input\\ArgvInput), Object(Symfony\\Component\\Console\\Output\\ConsoleOutput))
#27 D:\\Beas\\RDC\\ramkrishna_dharma_chakra\\ramkrishna_dharma_chakra\\vendor\\laravel\\framework\\src\\Illuminate\\Console\\Application.php(94): Symfony\\Component\\Console\\Application->run(Object(Symfony\\Component\\Console\\Input\\ArgvInput), Object(Symfony\\Component\\Console\\Output\\ConsoleOutput))
#28 D:\\Beas\\RDC\\ramkrishna_dharma_chakra\\ramkrishna_dharma_chakra\\vendor\\laravel\\framework\\src\\Illuminate\\Foundation\\Console\\Kernel.php(129): Illuminate\\Console\\Application->run(Object(Symfony\\Component\\Console\\Input\\ArgvInput), Object(Symfony\\Component\\Console\\Output\\ConsoleOutput))
#29 D:\\Beas\\RDC\\ramkrishna_dharma_chakra\\ramkrishna_dharma_chakra\\artisan(35): Illuminate\\Foundation\\Console\\Kernel->handle(Object(Symfony\\Component\\Console\\Input\\ArgvInput), Object(Symfony\\Component\\Console\\Output\\ConsoleOutput))
#30 {main}
"} 
[2026-09-24 11:01:20] local.ERROR: Class "Tymon\JWTAuth\Http\Middleware\BaseMiddleware" not found {"exception":"[object] (Error(code: 0): Class \"Tymon\\JWTAuth\\Http\\Middleware\\BaseMiddleware\" not found at D:\\Beas\\RDC\\ramkrishna_dharma_chakra\\ramkrishna_dharma_chakra\\app\\Http\\Middleware\\JWTMiddleware.php:10)
[stacktrace]
#0 D:\\Beas\\RDC\\ramkrishna_dharma_chakra\\ramkrishna_dharma_chakra\\vendor\\composer\\ClassLoader.php(576): include()
#1 D:\\Beas\\RDC\\ramkrishna_dharma_chakra\\ramkrishna_dharma_chakra\\vendor\\composer\\ClassLoader.php(427): Composer\\Autoload\\{closure}('D:\\\\Beas\\\\RDC\\\\ram...')
#2 [internal function]: Composer\\Autoload\\ClassLoader->loadClass('App\\\\Http\\\\Middle...')
#3 D:\\Beas\\RDC\\ramkrishna_dharma_chakra\\ramkrishna_dharma_chakra\\vendor\\laravel\\framework\\src\\Illuminate\\Routing\\SortedMiddleware.php(97): class_implements('App\\\\Http\\\\Middle...')
#4 D:\\Beas\\RDC\\ramkrishna_dharma_chakra\\ramkrishna_dharma_chakra\\vendor\\laravel\\framework\\src\\Illuminate\\Routing\\SortedMiddleware.php(76): Illuminate\\Routing\\SortedMiddleware->middlewareNames('App\\\\Http\\\\Middle...')
#5 D:\\Beas\\RDC\\ramkrishna_dharma_chakra\\ramkrishna_dharma_chakra\\vendor\\laravel\\framework\\src\\Illuminate\\Routing\\SortedMiddleware.php(43): Illuminate\\Routing\\SortedMiddleware->priorityMapIndex(Array, 'App\\\\Http\\\\Middle...')
#6 D:\\Beas\\RDC\\ramkrishna_dharma_chakra\\ramkrishna_dharma_chakra\\vendor\\laravel\\framework\\src\\Illuminate\\Routing\\SortedMiddleware.php(22): Illuminate\\Routing\\SortedMiddleware->sortMiddleware(Array, Array)
#7 D:\\Beas\\RDC\\ramkrishna_dharma_chakra\\ramkrishna_dharma_chakra\\vendor\\laravel\\framework\\src\\Illuminate\\Routing\\Router.php(777): Illuminate\\Routing\\SortedMiddleware->__construct(Array, Array)
#8 D:\\Beas\\RDC\\ramkrishna_dharma_chakra\\ramkrishna_dharma_chakra\\vendor\\laravel\\framework\\src\\Illuminate\\Routing\\Router.php(766): Illuminate\\Routing\\Router->sortMiddleware(Object(Illuminate\\Support\\Collection))
#9 D:\\Beas\\RDC\\ramkrishna_dharma_chakra\\ramkrishna_dharma_chakra\\vendor\\laravel\\framework\\src\\Illuminate\\Foundation\\Console\\RouteListCommand.php(175): Illuminate\\Routing\\Router->gatherRouteMiddleware(Object(Illuminate\\Routing\\Route))
#10 D:\\Beas\\RDC\\ramkrishna_dharma_chakra\\ramkrishna_dharma_chakra\\vendor\\laravel\\framework\\src\\Illuminate\\Foundation\\Console\\RouteListCommand.php(119): Illuminate\\Foundation\\Console\\RouteListCommand->getMiddleware(Object(Illuminate\\Routing\\Route))
#11 D:\\Beas\\RDC\\ramkrishna_dharma_chakra\\ramkrishna_dharma_chakra\\vendor\\laravel\\framework\\src\\Illuminate\\Foundation\\Console\\RouteListCommand.php(91): Illuminate\\Foundation\\Console\\RouteListCommand->getRouteInformation(Object(Illuminate\\Routing\\Route))
#12 [internal function]: Illuminate\\Foundation\\Console\\RouteListCommand->Illuminate\\Foundation\\Console\\{closure}(Object(Illuminate\\Routing\\Route), 3)
#13 D:\\Beas\\RDC\\ramkrishna_dharma_chakra\\ramkrishna_dharma_chakra\\vendor\\laravel\\framework\\src\\Illuminate\\Collections\\Collection.php(695): array_map(Object(Closure), Array, Array)
#14 D:\\Beas\\RDC\\ramkrishna_dharma_chakra\\ramkrishna_dharma_chakra\\vendor\\laravel\\framework\\src\\Illuminate\\Foundation\\Console\\RouteListCommand.php(90): Illuminate\\Support\\Collection->map(Object(Closure))
#15 D:\\Beas\\RDC\\ramkrishna_dharma_chakra\\ramkrishna_dharma_chakra\\vendor\\laravel\\framework\\src\\Illuminate\\Foundation\\Console\\RouteListCommand.php(76): Illuminate\\Foundation\\Console\\RouteListCommand->getRoutes()
#16 D:\\Beas\\RDC\\ramkrishna_dharma_chakra\\ramkrishna_dharma_chakra\\vendor\\laravel\\framework\\src\\Illuminate\\Container\\BoundMethod.php(36): Illuminate\\Foundation\\Console\\RouteListCommand->handle()
#17 D:\\Beas\\RDC\\ramkrishna_dharma_chakra\\ramkrishna_dharma_chakra\\vendor\\laravel\\framework\\src\\Illuminate\\Container\\Util.php(40): Illuminate\\Container\\BoundMethod::Illuminate\\Container\\{closure}()
#18 D:\\Beas\\RDC\\ramkrishna_dharma_chakra\\ramkrishna_dharma_chakra\\vendor\\laravel\\framework\\src\\Illuminate\\Container\\BoundMethod.php(93): Illuminate\\Container\\Util::unwrapIfClosure(Object(Closure))
#19 D:\\Beas\\RDC\\ramkrishna_dharma_chakra\\ramkrishna_dharma_chakra\\vendor\\laravel\\framework\\src\\Illuminate\\Container\\BoundMethod.php(35): Illuminate\\Container\\BoundMethod::callBoundMethod(Object(Illuminate\\Foundation\\Application), Array, Object(Closure))
#20 D:\\Beas\\RDC\\ramkrishna_dharma_chakra\\ramkrishna_dharma_chakra\\vendor\\laravel\\framework\\src\\Illuminate\\Container\\Container.php(653): Illuminate\\Container\\BoundMethod::call(Object(Illuminate\\Foundation\\Application), Array, Array, NULL)
#21 D:\\Beas\\RDC\\ramkrishna_dharma_chakra\\ramkrishna_dharma_chakra\\vendor\\laravel\\framework\\src\\Illuminate\\Console\\Command.php(136): Illuminate\\Container\\Container->call(Array)
#22 D:\\Beas\\RDC\\ramkrishna_dharma_chakra\\ramkrishna_dharma_chakra\\vendor\\symfony\\console\\Command\\Command.php(298): Illuminate\\Console\\Command->execute(Object(Symfony\\Component\\Console\\Input\\ArgvInput), Object(Illuminate\\Console\\OutputStyle))
#23 D:\\Beas\\RDC\\ramkrishna_dharma_chakra\\ramkrishna_dharma_chakra\\vendor\\laravel\\framework\\src\\Illuminate\\Console\\Command.php(120): Symfony\\Component\\Console\\Command\\Command->run(Object(Symfony\\Component\\Console\\Input\\ArgvInput), Object(Illuminate\\Console\\OutputStyle))
#24 D:\\Beas\\RDC\\ramkrishna_dharma_chakra\\ramkrishna_dharma_chakra\\vendor\\symfony\\console\\Application.php(1040): Illuminate\\Console\\Command->run(Object(Symfony\\Component\\Console\\Input\\ArgvInput), Object(Symfony\\Component\\Console\\Output\\ConsoleOutput))
#25 D:\\Beas\\RDC\\ramkrishna_dharma_chakra\\ramkrishna_dharma_chakra\\vendor\\symfony\\console\\Application.php(301): Symfony\\Component\\Console\\Application->doRunCommand(Object(Illuminate\\Foundation\\Console\\RouteListCommand), Object(Symfony\\Component\\Console\\Input\\ArgvInput), Object(Symfony\\Component\\Console\\Output\\ConsoleOutput))
#26 D:\\Beas\\RDC\\ramkrishna_dharma_chakra\\ramkrishna_dharma_chakra\\vendor\\symfony\\console\\Application.php(171): Symfony\\Component\\Console\\Application->doRun(Object(Symfony\\Component\\Console\\Input\\ArgvInput), Object(Symfony\\Component\\Console\\Output\\ConsoleOutput))
#27 D:\\Beas\\RDC\\ramkrishna_dharma_chakra\\ramkrishna_dharma_chakra\\vendor\\laravel\\framework\\src\\Illuminate\\Console\\Application.php(94): Symfony\\Component\\Console\\Application->run(Object(Symfony\\Component\\Console\\Input\\ArgvInput), Object(Symfony\\Component\\Console\\Output\\ConsoleOutput))
#28 D:\\Beas\\RDC\\ramkrishna_dharma_chakra\\ramkrishna_dharma_chakra\\vendor\\laravel\\framework\\src\\Illuminate\\Foundation\\Console\\Kernel.php(129): Illuminate\\Console\\Application->run(Object(Symfony\\Component\\Console\\Input\\ArgvInput), Object(Symfony\\Component\\Console\\Output\\ConsoleOutput))
#29 D:\\Beas\\RDC\\ramkrishna_dharma_chakra\\ramkrishna_dharma_chakra\\artisan(35): Illuminate\\Foundation\\Console\\Kernel->handle(Object(Symfony\\Component\\Console\\Input\\ArgvInput), Object(Symfony\\Component\\Console\\Output\\ConsoleOutput))
#30 {main}
"} 
[2026-09-24 11:28:21] local.ERROR: Target class [App\Http\Controllers\Modules\Contact\ContactController] does not exist. {"exception":"[object] (Illuminate\\Contracts\\Container\\BindingResolutionException(code: 0): Target class [App\\Http\\Controllers\\Modules\\Contact\\ContactController] does not exist. at D:\\Beas\\RDC\\ramkrishna_dharma_chakra\\ramkrishna_dharma_chakra\\vendor\\laravel\\framework\\src\\Illuminate\\Container\\Container.php:879)
[stacktrace]
#0 D:\\Beas\\RDC\\ramkrishna_dharma_chakra\\ramkrishna_dharma_chakra\\vendor\\laravel\\framework\\src\\Illuminate\\Container\\Container.php(758): Illuminate\\Container\\Container->build('App\\\\Http\\\\Contro...')
#1 D:\\Beas\\RDC\\ramkrishna_dharma_chakra\\ramkrishna_dharma_chakra\\vendor\\laravel\\framework\\src\\Illuminate\\Foundation\\Application.php(853): Illuminate\\Container\\Container->resolve('App\\\\Http\\\\Contro...', Array, true)
#2 D:\\Beas\\RDC\\ramkrishna_dharma_chakra\\ramkrishna_dharma_chakra\\vendor\\laravel\\framework\\src\\Illuminate\\Container\\Container.php(694): Illuminate\\Foundation\\Application->resolve('App\\\\Http\\\\Contro...', Array)
#3 D:\\Beas\\RDC\\ramkrishna_dharma_chakra\\ramkrishna_dharma_chakra\\vendor\\laravel\\framework\\src\\Illuminate\\Foundation\\Application.php(838): Illuminate\\Container\\Container->make('App\\\\Http\\\\Contro...', Array)
#4 D:\\Beas\\RDC\\ramkrishna_dharma_chakra\\ramkrishna_dharma_chakra\\vendor\\laravel\\framework\\src\\Illuminate\\Routing\\Route.php(276): Illuminate\\Foundation\\Application->make('App\\\\Http\\\\Contro...')
#5 D:\\Beas\\RDC\\ramkrishna_dharma_chakra\\ramkrishna_dharma_chakra\\vendor\\laravel\\framework\\src\\Illuminate\\Routing\\Route.php(1080): Illuminate\\Routing\\Route->getController()
#6 D:\\Beas\\RDC\\ramkrishna_dharma_chakra\\ramkrishna_dharma_chakra\\vendor\\laravel\\framework\\src\\Illuminate\\Routing\\Route.php(1023): Illuminate\\Routing\\Route->controllerMiddleware()
#7 D:\\Beas\\RDC\\ramkrishna_dharma_chakra\\ramkrishna_dharma_chakra\\vendor\\laravel\\framework\\src\\Illuminate\\Routing\\Router.php(734): Illuminate\\Routing\\Route->gatherMiddleware()
#8 D:\\Beas\\RDC\\ramkrishna_dharma_chakra\\ramkrishna_dharma_chakra\\vendor\\laravel\\framework\\src\\Illuminate\\Foundation\\Console\\RouteListCommand.php(175): Illuminate\\Routing\\Router->gatherRouteMiddleware(Object(Illuminate\\Routing\\Route))
#9 D:\\Beas\\RDC\\ramkrishna_dharma_chakra\\ramkrishna_dharma_chakra\\vendor\\laravel\\framework\\src\\Illuminate\\Foundation\\Console\\RouteListCommand.php(119): Illuminate\\Foundation\\Console\\RouteListCommand->getMiddleware(Object(Illuminate\\Routing\\Route))
#10 D:\\Beas\\RDC\\ramkrishna_dharma_chakra\\ramkrishna_dharma_chakra\\vendor\\laravel\\framework\\src\\Illuminate\\Foundation\\Console\\RouteListCommand.php(91): Illuminate\\Foundation\\Console\\RouteListCommand->getRouteInformation(Object(Illuminate\\Routing\\Route))
#11 [internal function]: Illuminate\\Foundation\\Console\\RouteListCommand->Illuminate\\Foundation\\Console\\{closure}(Object(Illuminate\\Routing\\Route), 36)
#12 D:\\Beas\\RDC\\ramkrishna_dharma_chakra\\ramkrishna_dharma_chakra\\vendor\\laravel\\framework\\src\\Illuminate\\Collections\\Collection.php(695): array_map(Object(Closure), Array, Array)
#13 D:\\Beas\\RDC\\ramkrishna_dharma_chakra\\ramkrishna_dharma_chakra\\vendor\\laravel\\framework\\src\\Illuminate\\Foundation\\Console\\RouteListCommand.php(90): Illuminate\\Support\\Collection->map(Object(Closure))
#14 D:\\Beas\\RDC\\ramkrishna_dharma_chakra\\ramkrishna_dharma_chakra\\vendor\\laravel\\framework\\src\\Illuminate\\Foundation\\Console\\RouteListCommand.php(76): Illuminate\\Foundation\\Console\\RouteListCommand->getRoutes()
#15 D:\\Beas\\RDC\\ramkrishna_dharma_chakra\\ramkrishna_dharma_chakra\\vendor\\laravel\\framework\\src\\Illuminate\\Container\\BoundMethod.php(36): Illuminate\\Foundation\\Console\\RouteListCommand->handle()
#16 D:\\Beas\\RDC\\ramkrishna_dharma_chakra\\ramkrishna_dharma_chakra\\vendor\\laravel\\framework\\src\\Illuminate\\Container\\Util.php(40): Illuminate\\Container\\BoundMethod::Illuminate\\Container\\{closure}()
#17 D:\\Beas\\RDC\\ramkrishna_dharma_chakra\\ramkrishna_dharma_chakra\\vendor\\laravel\\framework\\src\\Illuminate\\Container\\BoundMethod.php(93): Illuminate\\Container\\Util::unwrapIfClosure(Object(Closure))
#18 D:\\Beas\\RDC\\ramkrishna_dharma_chakra\\ramkrishna_dharma_chakra\\vendor\\laravel\\framework\\src\\Illuminate\\Container\\BoundMethod.php(35): Illuminate\\Container\\BoundMethod::callBoundMethod(Object(Illuminate\\Foundation\\Application), Array, Object(Closure))
#19 D:\\Beas\\RDC\\ramkrishna_dharma_chakra\\ramkrishna_dharma_chakra\\vendor\\laravel\\framework\\src\\Illuminate\\Container\\Container.php(653): Illuminate\\Container\\BoundMethod::call(Object(Illuminate\\Foundation\\Application), Array, Array, NULL)
#20 D:\\Beas\\RDC\\ramkrishna_dharma_chakra\\ramkrishna_dharma_chakra\\vendor\\laravel\\framework\\src\\Illuminate\\Console\\Command.php(136): Illuminate\\Container\\Container->call(Array)
#21 D:\\Beas\\RDC\\ramkrishna_dharma_chakra\\ramkrishna_dharma_chakra\\vendor\\symfony\\console\\Command\\Command.php(298): Illuminate\\Console\\Command->execute(Object(Symfony\\Component\\Console\\Input\\ArgvInput), Object(Illuminate\\Console\\OutputStyle))
#22 D:\\Beas\\RDC\\ramkrishna_dharma_chakra\\ramkrishna_dharma_chakra\\vendor\\laravel\\framework\\src\\Illuminate\\Console\\Command.php(120): Symfony\\Component\\Console\\Command\\Command->run(Object(Symfony\\Component\\Console\\Input\\ArgvInput), Object(Illuminate\\Console\\OutputStyle))
#23 D:\\Beas\\RDC\\ramkrishna_dharma_chakra\\ramkrishna_dharma_chakra\\vendor\\symfony\\console\\Application.php(1040): Illuminate\\Console\\Command->run(Object(Symfony\\Component\\Console\\Input\\ArgvInput), Object(Symfony\\Component\\Console\\Output\\ConsoleOutput))
#24 D:\\Beas\\RDC\\ramkrishna_dharma_chakra\\ramkrishna_dharma_chakra\\vendor\\symfony\\console\\Application.php(301): Symfony\\Component\\Console\\Application->doRunCommand(Object(Illuminate\\Foundation\\Console\\RouteListCommand), Object(Symfony\\Component\\Console\\Input\\ArgvInput), Object(Symfony\\Component\\Console\\Output\\ConsoleOutput))
#25 D:\\Beas\\RDC\\ramkrishna_dharma_chakra\\ramkrishna_dharma_chakra\\vendor\\symfony\\console\\Application.php(171): Symfony\\Component\\Console\\Application->doRun(Object(Symfony\\Component\\Console\\Input\\ArgvInput), Object(Symfony\\Component\\Console\\Output\\ConsoleOutput))
#26 D:\\Beas\\RDC\\ramkrishna_dharma_chakra\\ramkrishna_dharma_chakra\\vendor\\laravel\\framework\\src\\Illuminate\\Console\\Application.php(94): Symfony\\Component\\Console\\Application->run(Object(Symfony\\Component\\Console\\Input\\ArgvInput), Object(Symfony\\Component\\Console\\Output\\ConsoleOutput))
#27 D:\\Beas\\RDC\\ramkrishna_dharma_chakra\\ramkrishna_dharma_chakra\\vendor\\laravel\\framework\\src\\Illuminate\\Foundation\\Console\\Kernel.php(129): Illuminate\\Console\\Application->run(Object(Symfony\\Component\\Console\\Input\\ArgvInput), Object(Symfony\\Component\\Console\\Output\\ConsoleOutput))
#28 D:\\Beas\\RDC\\ramkrishna_dharma_chakra\\ramkrishna_dharma_chakra\\artisan(35): Illuminate\\Foundation\\Console\\Kernel->handle(Object(Symfony\\Component\\Console\\Input\\ArgvInput), Object(Symfony\\Component\\Console\\Output\\ConsoleOutput))
#29 {main}

[previous exception] [object] (ReflectionException(code: -1): Class \"App\\Http\\Controllers\\Modules\\Contact\\ContactController\" does not exist at D:\\Beas\\RDC\\ramkrishna_dharma_chakra\\ramkrishna_dharma_chakra\\vendor\\laravel\\framework\\src\\Illuminate\\Container\\Container.php:877)
[stacktrace]
#0 D:\\Beas\\RDC\\ramkrishna_dharma_chakra\\ramkrishna_dharma_chakra\\vendor\\laravel\\framework\\src\\Illuminate\\Container\\Container.php(877): ReflectionClass->__construct('App\\\\Http\\\\Contro...')
#1 D:\\Beas\\RDC\\ramkrishna_dharma_chakra\\ramkrishna_dharma_chakra\\vendor\\laravel\\framework\\src\\Illuminate\\Container\\Container.php(758): Illuminate\\Container\\Container->build('App\\\\Http\\\\Contro...')
#2 D:\\Beas\\RDC\\ramkrishna_dharma_chakra\\ramkrishna_dharma_chakra\\vendor\\laravel\\framework\\src\\Illuminate\\Foundation\\Application.php(853): Illuminate\\Container\\Container->resolve('App\\\\Http\\\\Contro...', Array, true)
#3 D:\\Beas\\RDC\\ramkrishna_dharma_chakra\\ramkrishna_dharma_chakra\\vendor\\laravel\\framework\\src\\Illuminate\\Container\\Container.php(694): Illuminate\\Foundation\\Application->resolve('App\\\\Http\\\\Contro...', Array)
#4 D:\\Beas\\RDC\\ramkrishna_dharma_chakra\\ramkrishna_dharma_chakra\\vendor\\laravel\\framework\\src\\Illuminate\\Foundation\\Application.php(838): Illuminate\\Container\\Container->make('App\\\\Http\\\\Contro...', Array)
#5 D:\\Beas\\RDC\\ramkrishna_dharma_chakra\\ramkrishna_dharma_chakra\\vendor\\laravel\\framework\\src\\Illuminate\\Routing\\Route.php(276): Illuminate\\Foundation\\Application->make('App\\\\Http\\\\Contro...')
#6 D:\\Beas\\RDC\\ramkrishna_dharma_chakra\\ramkrishna_dharma_chakra\\vendor\\laravel\\framework\\src\\Illuminate\\Routing\\Route.php(1080): Illuminate\\Routing\\Route->getController()
#7 D:\\Beas\\RDC\\ramkrishna_dharma_chakra\\ramkrishna_dharma_chakra\\vendor\\laravel\\framework\\src\\Illuminate\\Routing\\Route.php(1023): Illuminate\\Routing\\Route->controllerMiddleware()
#8 D:\\Beas\\RDC\\ramkrishna_dharma_chakra\\ramkrishna_dharma_chakra\\vendor\\laravel\\framework\\src\\Illuminate\\Routing\\Router.php(734): Illuminate\\Routing\\Route->gatherMiddleware()
#9 D:\\Beas\\RDC\\ramkrishna_dharma_chakra\\ramkrishna_dharma_chakra\\vendor\\laravel\\framework\\src\\Illuminate\\Foundation\\Console\\RouteListCommand.php(175): Illuminate\\Routing\\Router->gatherRouteMiddleware(Object(Illuminate\\Routing\\Route))
#10 D:\\Beas\\RDC\\ramkrishna_dharma_chakra\\ramkrishna_dharma_chakra\\vendor\\laravel\\framework\\src\\Illuminate\\Foundation\\Console\\RouteListCommand.php(119): Illuminate\\Foundation\\Console\\RouteListCommand->getMiddleware(Object(Illuminate\\Routing\\Route))
#11 D:\\Beas\\RDC\\ramkrishna_dharma_chakra\\ramkrishna_dharma_chakra\\vendor\\laravel\\framework\\src\\Illuminate\\Foundation\\Console\\RouteListCommand.php(91): Illuminate\\Foundation\\Console\\RouteListCommand->getRouteInformation(Object(Illuminate\\Routing\\Route))
#12 [internal function]: Illuminate\\Foundation\\Console\\RouteListCommand->Illuminate\\Foundation\\Console\\{closure}(Object(Illuminate\\Routing\\Route), 36)
#13 D:\\Beas\\RDC\\ramkrishna_dharma_chakra\\ramkrishna_dharma_chakra\\vendor\\laravel\\framework\\src\\Illuminate\\Collections\\Collection.php(695): array_map(Object(Closure), Array, Array)
#14 D:\\Beas\\RDC\\ramkrishna_dharma_chakra\\ramkrishna_dharma_chakra\\vendor\\laravel\\framework\\src\\Illuminate\\Foundation\\Console\\RouteListCommand.php(90): Illuminate\\Support\\Collection->map(Object(Closure))
#15 D:\\Beas\\RDC\\ramkrishna_dharma_chakra\\ramkrishna_dharma_chakra\\vendor\\laravel\\framework\\src\\Illuminate\\Foundation\\Console\\RouteListCommand.php(76): Illuminate\\Foundation\\Console\\RouteListCommand->getRoutes()
#16 D:\\Beas\\RDC\\ramkrishna_dharma_chakra\\ramkrishna_dharma_chakra\\vendor\\laravel\\framework\\src\\Illuminate\\Container\\BoundMethod.php(36): Illuminate\\Foundation\\Console\\RouteListCommand->handle()
#17 D:\\Beas\\RDC\\ramkrishna_dharma_chakra\\ramkrishna_dharma_chakra\\vendor\\laravel\\framework\\src\\Illuminate\\Container\\Util.php(40): Illuminate\\Container\\BoundMethod::Illuminate\\Container\\{closure}()
#18 D:\\Beas\\RDC\\ramkrishna_dharma_chakra\\ramkrishna_dharma_chakra\\vendor\\laravel\\framework\\src\\Illuminate\\Container\\BoundMethod.php(93): Illuminate\\Container\\Util::unwrapIfClosure(Object(Closure))
#19 D:\\Beas\\RDC\\ramkrishna_dharma_chakra\\ramkrishna_dharma_chakra\\vendor\\laravel\\framework\\src\\Illuminate\\Container\\BoundMethod.php(35): Illuminate\\Container\\BoundMethod::callBoundMethod(Object(Illuminate\\Foundation\\Application), Array, Object(Closure))
#20 D:\\Beas\\RDC\\ramkrishna_dharma_chakra\\ramkrishna_dharma_chakra\\vendor\\laravel\\framework\\src\\Illuminate\\Container\\Container.php(653): Illuminate\\Container\\BoundMethod::call(Object(Illuminate\\Foundation\\Application), Array, Array, NULL)
#21 D:\\Beas\\RDC\\ramkrishna_dharma_chakra\\ramkrishna_dharma_chakra\\vendor\\laravel\\framework\\src\\Illuminate\\Console\\Command.php(136): Illuminate\\Container\\Container->call(Array)
#22 D:\\Beas\\RDC\\ramkrishna_dharma_chakra\\ramkrishna_dharma_chakra\\vendor\\symfony\\console\\Command\\Command.php(298): Illuminate\\Console\\Command->execute(Object(Symfony\\Component\\Console\\Input\\ArgvInput), Object(Illuminate\\Console\\OutputStyle))
#23 D:\\Beas\\RDC\\ramkrishna_dharma_chakra\\ramkrishna_dharma_chakra\\vendor\\laravel\\framework\\src\\Illuminate\\Console\\Command.php(120): Symfony\\Component\\Console\\Command\\Command->run(Object(Symfony\\Component\\Console\\Input\\ArgvInput), Object(Illuminate\\Console\\OutputStyle))
#24 D:\\Beas\\RDC\\ramkrishna_dharma_chakra\\ramkrishna_dharma_chakra\\vendor\\symfony\\console\\Application.php(1040): Illuminate\\Console\\Command->run(Object(Symfony\\Component\\Console\\Input\\ArgvInput), Object(Symfony\\Component\\Console\\Output\\ConsoleOutput))
#25 D:\\Beas\\RDC\\ramkrishna_dharma_chakra\\ramkrishna_dharma_chakra\\vendor\\symfony\\console\\Application.php(301): Symfony\\Component\\Console\\Application->doRunCommand(Object(Illuminate\\Foundation\\Console\\RouteListCommand), Object(Symfony\\Component\\Console\\Input\\ArgvInput), Object(Symfony\\Component\\Console\\Output\\ConsoleOutput))
#26 D:\\Beas\\RDC\\ramkrishna_dharma_chakra\\ramkrishna_dharma_chakra\\vendor\\symfony\\console\\Application.php(171): Symfony\\Component\\Console\\Application->doRun(Object(Symfony\\Component\\Console\\Input\\ArgvInput), Object(Symfony\\Component\\Console\\Output\\ConsoleOutput))
#27 D:\\Beas\\RDC\\ramkrishna_dharma_chakra\\ramkrishna_dharma_chakra\\vendor\\laravel\\framework\\src\\Illuminate\\Console\\Application.php(94): Symfony\\Component\\Console\\Application->run(Object(Symfony\\Component\\Console\\Input\\ArgvInput), Object(Symfony\\Component\\Console\\Output\\ConsoleOutput))
#28 D:\\Beas\\RDC\\ramkrishna_dharma_chakra\\ramkrishna_dharma_chakra\\vendor\\laravel\\framework\\src\\Illuminate\\Foundation\\Console\\Kernel.php(129): Illuminate\\Console\\Application->run(Object(Symfony\\Component\\Console\\Input\\ArgvInput), Object(Symfony\\Component\\Console\\Output\\ConsoleOutput))
#29 D:\\Beas\\RDC\\ramkrishna_dharma_chakra\\ramkrishna_dharma_chakra\\artisan(35): Illuminate\\Foundation\\Console\\Kernel->handle(Object(Symfony\\Component\\Console\\Input\\ArgvInput), Object(Symfony\\Component\\Console\\Output\\ConsoleOutput))
#30 {main}
"} 
[2026-09-24 11:36:50] local.ERROR: Command "about" is not defined. {"exception":"[object] (Symfony\\Component\\Console\\Exception\\CommandNotFoundException(code: 0): Command \"about\" is not defined. at D:\\Beas\\RDC\\ramkrishna_dharma_chakra\\ramkrishna_dharma_chakra\\vendor\\symfony\\console\\Application.php:720)
[stacktrace]
#0 D:\\Beas\\RDC\\ramkrishna_dharma_chakra\\ramkrishna_dharma_chakra\\vendor\\symfony\\console\\Application.php(259): Symfony\\Component\\Console\\Application->find('about')
#1 D:\\Beas\\RDC\\ramkrishna_dharma_chakra\\ramkrishna_dharma_chakra\\vendor\\symfony\\console\\Application.php(171): Symfony\\Component\\Console\\Application->doRun(Object(Symfony\\Component\\Console\\Input\\ArgvInput), Object(Symfony\\Component\\Console\\Output\\ConsoleOutput))
#2 D:\\Beas\\RDC\\ramkrishna_dharma_chakra\\ramkrishna_dharma_chakra\\vendor\\laravel\\framework\\src\\Illuminate\\Console\\Application.php(94): Symfony\\Component\\Console\\Application->run(Object(Symfony\\Component\\Console\\Input\\ArgvInput), Object(Symfony\\Component\\Console\\Output\\ConsoleOutput))
#3 D:\\Beas\\RDC\\ramkrishna_dharma_chakra\\ramkrishna_dharma_chakra\\vendor\\laravel\\framework\\src\\Illuminate\\Foundation\\Console\\Kernel.php(129): Illuminate\\Console\\Application->run(Object(Symfony\\Component\\Console\\Input\\ArgvInput), Object(Symfony\\Component\\Console\\Output\\ConsoleOutput))
#4 D:\\Beas\\RDC\\ramkrishna_dharma_chakra\\ramkrishna_dharma_chakra\\artisan(35): Illuminate\\Foundation\\Console\\Kernel->handle(Object(Symfony\\Component\\Console\\Input\\ArgvInput), Object(Symfony\\Component\\Console\\Output\\ConsoleOutput))
#5 {main}
"} 
[2026-09-24 11:44:28] local.ERROR: Class "App\Models\What" not found {"exception":"[object] (Error(code: 0): Class \"App\\Models\\What\" not found at D:\\Beas\\RDC\\ramkrishna_dharma_chakra\\ramkrishna_dharma_chakra\\app\\Http\\Controllers\\Modules\\Page\\PageController.php:29)
[stacktrace]
#0 D:\\Beas\\RDC\\ramkrishna_dharma_chakra\\ramkrishna_dharma_chakra\\vendor\\laravel\\framework\\src\\Illuminate\\Routing\\Controller.php(54): App\\Http\\Controllers\\Modules\\Page\\PageController->index()
#1 D:\\Beas\\RDC\\ramkrishna_dharma_chakra\\ramkrishna_dharma_chakra\\vendor\\laravel\\framework\\src\\Illuminate\\Routing\\ControllerDispatcher.php(45): Illuminate\\Routing\\Controller->callAction('index', Array)
#2 D:\\Beas\\RDC\\ramkrishna_dharma_chakra\\ramkrishna_dharma_chakra\\vendor\\laravel\\framework\\src\\Illuminate\\Routing\\Route.php(261): Illuminate\\Routing\\ControllerDispatcher->dispatch(Object(Illuminate\\Routing\\Route), Object(App\\Http\\Controllers\\Modules\\Page\\PageController), 'index')
#3 D:\\Beas\\RDC\\ramkrishna_dharma_chakra\\ramkrishna_dharma_chakra\\vendor\\laravel\\framework\\src\\Illuminate\\Routing\\Route.php(205): Illuminate\\Routing\\Route->runController()
#4 D:\\Beas\\RDC\\ramkrishna_dharma_chakra\\ramkrishna_dharma_chakra\\vendor\\laravel\\framework\\src\\Illuminate\\Routing\\Router.php(721): Illuminate\\Routing\\Route->run()
#5 D:\\Beas\\RDC\\ramkrishna_dharma_chakra\\ramkrishna_dharma_chakra\\vendor\\laravel\\framework\\src\\Illuminate\\Pipeline\\Pipeline.php(128): Illuminate\\Routing\\Router->Illuminate\\Routing\\{closure}(Object(Illuminate\\Http\\Request))
#6 D:\\Beas\\RDC\\ramkrishna_dharma_chakra\\ramkrishna_dharma_chakra\\vendor\\laravel\\framework\\src\\Illuminate\\Routing\\Middleware\\SubstituteBindings.php(50): Illuminate\\Pipeline\\Pipeline->Illuminate\\Pipeline\\{closure}(Object(Illuminate\\Http\\Request))
#7 D:\\Beas\\RDC\\ramkrishna_dharma_chakra\\ramkrishna_dharma_chakra\\vendor\\laravel\\framework\\src\\Illuminate\\Pipeline\\Pipeline.php(167): Illuminate\\Routing\\Middleware\\SubstituteBindings->handle(Object(Illuminate\\Http\\Request), Object(Closure))
#8 D:\\Beas\\RDC\\ramkrishna_dharma_chakra\\ramkrishna_dharma_chakra\\vendor\\laravel\\framework\\src\\Illuminate\\Foundation\\Http\\Middleware\\VerifyCsrfToken.php(78): Illuminate\\Pipeline\\Pipeline->Illuminate\\Pipeline\\{closure}(Object(Illuminate\\Http\\Request))
#9 D:\\Beas\\RDC\\ramkrishna_dharma_chakra\\ramkrishna_dharma_chakra\\vendor\\laravel\\framework\\src\\Illuminate\\Pipeline\\Pipeline.php(167): Illuminate\\Foundation\\Http\\Middleware\\VerifyCsrfToken->handle(Object(Illuminate\\Http\\Request), Object(Closure))
#10 D:\\Beas\\RDC\\ramkrishna_dharma_chakra\\ramkrishna_dharma_chakra\\vendor\\laravel\\framework\\src\\Illuminate\\View\\Middleware\\ShareErrorsFromSession.php(49): Illuminate\\Pipeline\\Pipeline->Illuminate\\Pipeline\\{closure}(Object(Illuminate\\Http\\Request))
#11 D:\\Beas\\RDC\\ramkrishna_dharma_chakra\\ramkrishna_dharma_chakra\\vendor\\laravel\\framework\\src\\Illuminate\\Pipeline\\Pipeline.php(167): Illuminate\\View\\Middleware\\ShareErrorsFromSession->handle(Object(Illuminate\\Http\\Request), Object(Closure))
#12 D:\\Beas\\RDC\\ramkrishna_dharma_chakra\\ramkrishna_dharma_chakra\\vendor\\laravel\\framework\\src\\Illuminate\\Session\\Middleware\\StartSession.php(121): Illuminate\\Pipeline\\Pipeline->Illuminate\\Pipeline\\{closure}(Object(Illuminate\\Http\\Request))
#13 D:\\Beas\\RDC\\ramkrishna_dharma_chakra\\ramkrishna_dharma_chakra\\vendor\\laravel\\framework\\src\\Illuminate\\Session\\Middleware\\StartSession.php(64): Illuminate\\Session\\Middleware\\StartSession->handleStatefulRequest(Object(Illuminate\\Http\\Request), Object(Illuminate\\Session\\Store), Object(Closure))
#14 D:\\Beas\\RDC\\ramkrishna_dharma_chakra\\ramkrishna_dharma_chakra\\vendor\\laravel\\framework\\src\\Illuminate\\Pipeline\\Pipeline.php(167): Illuminate\\Session\\Middleware\\StartSession->handle(Object(Illuminate\\Http\\Request), Object(Closure))
#15 D:\\Beas\\RDC\\ramkrishna_dharma_chakra\\ramkrishna_dharma_chakra\\vendor\\laravel\\framework\\src\\Illuminate\\Cookie\\Middleware\\AddQueuedCookiesToResponse.php(37): Illuminate\\Pipeline\\Pipeline->Illuminate\\Pipeline\\{closure}(Object(Illuminate\\Http\\Request))
#16 D:\\Beas\\RDC\\ramkrishna_dharma_chakra\\ramkrishna_dharma_chakra\\vendor\\laravel\\framework\\src\\Illuminate\\Pipeline\\Pipeline.php(167): Illuminate\\Cookie\\Middleware\\AddQueuedCookiesToResponse->handle(Object(Illuminate\\Http\\Request), Object(Closure))
#17 D:\\Beas\\RDC\\ramkrishna_dharma_chakra\\ramkrishna_dharma_chakra\\vendor\\laravel\\framework\\src\\Illuminate\\Cookie\\Middleware\\EncryptCookies.php(67): Illuminate\\Pipeline\\Pipeline->Illuminate\\Pipeline\\{closure}(Object(Illuminate\\Http\\Request))
#18 D:\\Beas\\RDC\\ramkrishna_dharma_chakra\\ramkrishna_dharma_chakra\\vendor\\laravel\\framework\\src\\Illuminate\\Pipeline\\Pipeline.php(167): Illuminate\\Cookie\\Middleware\\EncryptCookies->handle(Object(Illuminate\\Http\\Request), Object(Closure))
#19 D:\\Beas\\RDC\\ramkrishna_dharma_chakra\\ramkrishna_dharma_chakra\\vendor\\laravel\\framework\\src\\Illuminate\\Pipeline\\Pipeline.php(103): Illuminate\\Pipeline\\Pipeline->Illuminate\\Pipeline\\{closure}(Object(Illuminate\\Http\\Request))
#20 D:\\Beas\\RDC\\ramkrishna_dharma_chakra\\ramkrishna_dharma_chakra\\vendor\\laravel\\framework\\src\\Illuminate\\Routing\\Router.php(719): Illuminate\\Pipeline\\Pipeline->then(Object(Closure))
#21 D:\\Beas\\RDC\\ramkrishna_dharma_chakra\\ramkrishna_dharma_chakra\\vendor\\laravel\\framework\\src\\Illuminate\\Routing\\Router.php(698): Illuminate\\Routing\\Router->runRouteWithinStack(Object(Illuminate\\Routing\\Route), Object(Illuminate\\Http\\Request))
#22 D:\\Beas\\RDC\\ramkrishna_dharma_chakra\\ramkrishna_dharma_chakra\\vendor\\laravel\\framework\\src\\Illuminate\\Routing\\Router.php(662): Illuminate\\Routing\\Router->runRoute(Object(Illuminate\\Http\\Request), Object(Illuminate\\Routing\\Route))
#23 D:\\Beas\\RDC\\ramkrishna_dharma_chakra\\ramkrishna_dharma_chakra\\vendor\\laravel\\framework\\src\\Illuminate\\Routing\\Router.php(651): Illuminate\\Routing\\Router->dispatchToRoute(Object(Illuminate\\Http\\Request))
#24 D:\\Beas\\RDC\\ramkrishna_dharma_chakra\\ramkrishna_dharma_chakra\\vendor\\laravel\\framework\\src\\Illuminate\\Foundation\\Http\\Kernel.php(167): Illuminate\\Routing\\Router->dispatch(Object(Illuminate\\Http\\Request))
#25 D:\\Beas\\RDC\\ramkrishna_dharma_chakra\\ramkrishna_dharma_chakra\\vendor\\laravel\\framework\\src\\Illuminate\\Pipeline\\Pipeline.php(128): Illuminate\\Foundation\\Http\\Kernel->Illuminate\\Foundation\\Http\\{closure}(Object(Illuminate\\Http\\Request))
#26 D:\\Beas\\RDC\\ramkrishna_dharma_chakra\\ramkrishna_dharma_chakra\\vendor\\laravel\\framework\\src\\Illuminate\\Foundation\\Http\\Middleware\\TransformsRequest.php(21): Illuminate\\Pipeline\\Pipeline->Illuminate\\Pipeline\\{closure}(Object(Illuminate\\Http\\Request))
#27 D:\\Beas\\RDC\\ramkrishna_dharma_chakra\\ramkrishna_dharma_chakra\\vendor\\laravel\\framework\\src\\Illuminate\\Foundation\\Http\\Middleware\\ConvertEmptyStringsToNull.php(31): Illuminate\\Foundation\\Http\\Middleware\\TransformsRequest->handle(Object(Illuminate\\Http\\Request), Object(Closure))
#28 D:\\Beas\\RDC\\ramkrishna_dharma_chakra\\ramkrishna_dharma_chakra\\vendor\\laravel\\framework\\src\\Illuminate\\Pipeline\\Pipeline.php(167): Illuminate\\Foundation\\Http\\Middleware\\ConvertEmptyStringsToNull->handle(Object(Illuminate\\Http\\Request), Object(Closure))
#29 D:\\Beas\\RDC\\ramkrishna_dharma_chakra\\ramkrishna_dharma_chakra\\vendor\\laravel\\framework\\src\\Illuminate\\Foundation\\Http\\Middleware\\TransformsRequest.php(21): Illuminate\\Pipeline\\Pipeline->Illuminate\\Pipeline\\{closure}(Object(Illuminate\\Http\\Request))
#30 D:\\Beas\\RDC\\ramkrishna_dharma_chakra\\ramkrishna_dharma_chakra\\vendor\\laravel\\framework\\src\\Illuminate\\Foundation\\Http\\Middleware\\TrimStrings.php(40): Illuminate\\Foundation\\Http\\Middleware\\TransformsRequest->handle(Object(Illuminate\\Http\\Request), Object(Closure))
#31 D:\\Beas\\RDC\\ramkrishna_dharma_chakra\\ramkrishna_dharma_chakra\\vendor\\laravel\\framework\\src\\Illuminate\\Pipeline\\Pipeline.php(167): Illuminate\\Foundation\\Http\\Middleware\\TrimStrings->handle(Object(Illuminate\\Http\\Request), Object(Closure))
#32 D:\\Beas\\RDC\\ramkrishna_dharma_chakra\\ramkrishna_dharma_chakra\\vendor\\laravel\\framework\\src\\Illuminate\\Foundation\\Http\\Middleware\\ValidatePostSize.php(27): Illuminate\\Pipeline\\Pipeline->Illuminate\\Pipeline\\{closure}(Object(Illuminate\\Http\\Request))
#33 D:\\Beas\\RDC\\ramkrishna_dharma_chakra\\ramkrishna_dharma_chakra\\vendor\\laravel\\framework\\src\\Illuminate\\Pipeline\\Pipeline.php(167): Illuminate\\Foundation\\Http\\Middleware\\ValidatePostSize->handle(Object(Illuminate\\Http\\Request), Object(Closure))
#34 D:\\Beas\\RDC\\ramkrishna_dharma_chakra\\ramkrishna_dharma_chakra\\vendor\\laravel\\framework\\src\\Illuminate\\Foundation\\Http\\Middleware\\PreventRequestsDuringMaintenance.php(86): Illuminate\\Pipeline\\Pipeline->Illuminate\\Pipeline\\{closure}(Object(Illuminate\\Http\\Request))
#35 D:\\Beas\\RDC\\ramkrishna_dharma_chakra\\ramkrishna_dharma_chakra\\vendor\\laravel\\framework\\src\\Illuminate\\Pipeline\\Pipeline.php(167): Illuminate\\Foundation\\Http\\Middleware\\PreventRequestsDuringMaintenance->handle(Object(Illuminate\\Http\\Request), Object(Closure))
#36 D:\\Beas\\RDC\\ramkrishna_dharma_chakra\\ramkrishna_dharma_chakra\\vendor\\fideloper\\proxy\\src\\TrustProxies.php(57): Illuminate\\Pipeline\\Pipeline->Illuminate\\Pipeline\\{closure}(Object(Illuminate\\Http\\Request))
#37 D:\\Beas\\RDC\\ramkrishna_dharma_chakra\\ramkrishna_dharma_chakra\\vendor\\laravel\\framework\\src\\Illuminate\\Pipeline\\Pipeline.php(167): Fideloper\\Proxy\\TrustProxies->handle(Object(Illuminate\\Http\\Request), Object(Closure))
#38 D:\\Beas\\RDC\\ramkrishna_dharma_chakra\\ramkrishna_dharma_chakra\\vendor\\laravel\\framework\\src\\Illuminate\\Pipeline\\Pipeline.php(103): Illuminate\\Pipeline\\Pipeline->Illuminate\\Pipeline\\{closure}(Object(Illuminate\\Http\\Request))
#39 D:\\Beas\\RDC\\ramkrishna_dharma_chakra\\ramkrishna_dharma_chakra\\vendor\\laravel\\framework\\src\\Illuminate\\Foundation\\Http\\Kernel.php(142): Illuminate\\Pipeline\\Pipeline->then(Object(Closure))
#40 D:\\Beas\\RDC\\ramkrishna_dharma_chakra\\ramkrishna_dharma_chakra\\vendor\\laravel\\framework\\src\\Illuminate\\Foundation\\Http\\Kernel.php(111): Illuminate\\Foundation\\Http\\Kernel->sendRequestThroughRouter(Object(Illuminate\\Http\\Request))
#41 D:\\Beas\\RDC\\ramkrishna_dharma_chakra\\ramkrishna_dharma_chakra\\public\\index.php(54): Illuminate\\Foundation\\Http\\Kernel->handle(Object(Illuminate\\Http\\Request))
#42 D:\\Beas\\RDC\\ramkrishna_dharma_chakra\\ramkrishna_dharma_chakra\\server.php(21): require_once('D:\\\\Beas\\\\RDC\\\\ram...')
#43 {main}
"} 
